[rjsalas91.github.io/index.html]
[backblue.gif]
[fade.gif]
[index.html]
[rjsalas91.github.io/img/yo.jpg]
[rjsalas91.github.io/img/favicon.png]
[rjsalas91.github.io/img/apple-touch-icon.png]
[rjsalas91.github.io/lib/bootstrap/css/bootstrap.min.css]
[rjsalas91.github.io/lib/font-awesome/css/font-awesome.min.css]
[rjsalas91.github.io/lib/animate/animate.min.css]
[rjsalas91.github.io/lib/ionicons/css/ionicons.min.css]
[rjsalas91.github.io/lib/owlcarousel/assets/owl.carousel.min.css]
[rjsalas91.github.io/lib/lightbox/css/lightbox.min.css]
[rjsalas91.github.io/css/style.min3860.css]
[rjsalas91.github.io/img/coding-924920_1920.jpg]
[rjsalas91.github.io/img/last-project-web.png]
[rjsalas91.github.io/img/last-project-android.png]
[rjsalas91.github.io/img/last-project-desktop.png]
[rjsalas91.github.io/img/overlay-bg.jpg]
[rjsalas91.github.io/lib/jquery/jquery.min.js]
[rjsalas91.github.io/lib/jquery/jquery-migrate.min.js]
[rjsalas91.github.io/lib/popper/popper.min.js]
[rjsalas91.github.io/lib/bootstrap/js/bootstrap.min.js]
[rjsalas91.github.io/lib/easing/easing.min.js]
[rjsalas91.github.io/lib/typed/typed.min.js]
[www.google.com/recaptcha/apic86d.js]
[rjsalas91.github.io/contactform/contactform.min3860.js]
[rjsalas91.github.io/js/main.min3860.js]
[rjsalas91.github.io/index.html]
[rjsalas91.github.io/lib/bootstrap/css/bootstrap.min.css]
[rjsalas91.github.io/lib/font-awesome/fonts/fontawesome-webfont3e6e.eot]
[rjsalas91.github.io/lib/font-awesome/fonts/fontawesome-webfontd41d.eot]
[rjsalas91.github.io/lib/font-awesome/fonts/fontawesome-webfont3e6e.woff2]
[rjsalas91.github.io/lib/font-awesome/fonts/fontawesome-webfont3e6e.woff]
[rjsalas91.github.io/lib/font-awesome/fonts/fontawesome-webfont3e6e.ttf]
[rjsalas91.github.io/lib/font-awesome/css/font-awesome.min.css]
[rjsalas91.github.io/lib/animate/animate.min.css]
[rjsalas91.github.io/lib/font-awesome/fonts/fontawesome-webfont3e6e.svg]
[rjsalas91.github.io/lib/ionicons/fonts/ionicons28b5.eot]
[rjsalas91.github.io/lib/ionicons/fonts/ionicons28b5.ttf]
[rjsalas91.github.io/lib/ionicons/fonts/ionicons28b5.woff]
[rjsalas91.github.io/lib/ionicons/css/ionicons.min.css]
[rjsalas91.github.io/lib/ionicons/fonts/ionicons28b5.svg]
[rjsalas91.github.io/lib/owlcarousel/assets/owl.video.play.png]
[rjsalas91.github.io/lib/owlcarousel/assets/owl.carousel.min.css]
[rjsalas91.github.io/lib/lightbox/images/loading.gif]
[rjsalas91.github.io/lib/lightbox/css/lightbox.min.css]
[rjsalas91.github.io/css/style.min3860.css]
[rjsalas91.github.io/lib/font-awesome/fonts/fontawesome-webfont3e6e.svg]
[rjsalas91.github.io/lib/ionicons/fonts/ionicons28b5.svg]
